{
    "Should run without failures": {
        "content": [
            {
                "0": [
                    "EX_clusters.tab:md5,02479360ed2b8d659612fc60477ad355"
                ],
                "exon_cluster_for_reclustering": [
                    "EX_clusters.tab:md5,02479360ed2b8d659612fc60477ad355"
                ]
            }
        ],
        "meta": {
            "nf-test": "0.9.1",
            "nextflow": "24.10.0"
        },
        "timestamp": "2024-11-02T16:22:03.038334081"
    }
}